0 verbose cli C:\Program Files\nodejs\node.exe C:\Program Files\nodejs\node_modules\npm\bin\npm-cli.js
1 info using npm@11.9.0
2 info using node@v24.14.0
3 silly config load:file:C:\Program Files\nodejs\node_modules\npm\npmrc
4 silly config load:file:C:\Users\HP\Documents\Cursor projects\Commersial\Bizon\.npmrc
5 silly config load:file:C:\Users\HP\.npmrc
6 silly config load:file:C:\Users\HP\AppData\Roaming\npm\etc\npmrc
7 verbose title npm install @playwright/test@1.51.1
8 verbose argv "install" "--save-dev" "@playwright/test@1.51.1" "--cache" ".npm-cache"
9 verbose logfile logs-max:10 dir:C:\Users\HP\Documents\Cursor projects\Commersial\Bizon\.npm-cache\_logs\2026-07-19T09_57_10_963Z-
10 verbose logfile C:\Users\HP\Documents\Cursor projects\Commersial\Bizon\.npm-cache\_logs\2026-07-19T09_57_10_963Z-debug-0.log
11 silly logfile done cleaning log files
12 silly packumentCache heap:4496293888 maxSize:1124073472 maxEntrySize:562036736
13 silly idealTree buildDeps
14 silly fetch manifest @playwright/test@1.51.1
15 silly packumentCache full:https://registry.npmjs.org/@playwright%2ftest cache-miss
16 http fetch GET 200 https://registry.npmjs.org/@playwright%2ftest 4634ms (cache miss)
17 silly packumentCache full:https://registry.npmjs.org/@playwright%2ftest set size:undefined disposed:false
18 silly placeDep ROOT @playwright/test@1.51.1 OK for: bizon_tires@1.0.0 want: 1.51.1
19 silly fetch manifest playwright@1.51.1
20 silly packumentCache full:https://registry.npmjs.org/playwright cache-miss
21 http fetch GET 200 https://registry.npmjs.org/npm 5176ms
22 http fetch GET 200 https://registry.npmjs.org/playwright 7301ms (cache miss)
23 silly packumentCache full:https://registry.npmjs.org/playwright set size:undefined disposed:false
24 silly placeDep ROOT playwright@1.51.1 OK for: @playwright/test@1.51.1 want: 1.51.1
25 silly fetch manifest playwright-core@1.51.1
26 silly packumentCache full:https://registry.npmjs.org/playwright-core cache-miss
27 silly fetch manifest fsevents@2.3.2
28 silly packumentCache full:https://registry.npmjs.org/fsevents cache-miss
29 http fetch GET 200 https://registry.npmjs.org/fsevents 2410ms (cache miss)
30 silly packumentCache full:https://registry.npmjs.org/fsevents set size:undefined disposed:false
31 http fetch GET 200 https://registry.npmjs.org/playwright-core 4942ms (cache miss)
32 silly packumentCache full:https://registry.npmjs.org/playwright-core set size:undefined disposed:false
33 silly placeDep node_modules/playwright fsevents@2.3.2 OK for: playwright@1.51.1 want: 2.3.2
34 silly placeDep ROOT playwright-core@1.51.1 OK for: playwright@1.51.1 want: 1.51.1
35 silly reify moves {}
36 silly audit bulk request {
36 silly audit   '@alloc/quick-lru': [ '5.2.0' ],
36 silly audit   '@apidevtools/json-schema-ref-parser': [ '11.9.3' ],
36 silly audit   '@aws-crypto/crc32': [ '5.2.0' ],
36 silly audit   '@aws-crypto/crc32c': [ '5.2.0' ],
36 silly audit   '@aws-crypto/sha1-browser': [ '5.2.0' ],
36 silly audit   '@aws-crypto/sha256-browser': [ '5.2.0' ],
36 silly audit   '@aws-crypto/sha256-js': [ '5.2.0' ],
36 silly audit   '@aws-crypto/supports-web-crypto': [ '5.2.0' ],
36 silly audit   '@aws-crypto/util': [ '5.2.0' ],
36 silly audit   '@aws-sdk/checksums': [ '3.1000.6' ],
36 silly audit   '@aws-sdk/client-s3': [ '3.1069.0' ],
36 silly audit   '@aws-sdk/core': [ '3.974.21' ],
36 silly audit   '@aws-sdk/credential-provider-env': [ '3.972.47' ],
36 silly audit   '@aws-sdk/credential-provider-http': [ '3.972.49' ],
36 silly audit   '@aws-sdk/credential-provider-ini': [ '3.972.54' ],
36 silly audit   '@aws-sdk/credential-provider-login': [ '3.972.53' ],
36 silly audit   '@aws-sdk/credential-provider-node': [ '3.972.56' ],
36 silly audit   '@aws-sdk/credential-provider-process': [ '3.972.47' ],
36 silly audit   '@aws-sdk/credential-provider-sso': [ '3.972.53' ],
36 silly audit   '@aws-sdk/credential-provider-web-identity': [ '3.972.53' ],
36 silly audit   '@aws-sdk/lib-storage': [ '3.1069.0' ],
36 silly audit   '@aws-sdk/middleware-flexible-checksums': [ '3.974.31' ],
36 silly audit   '@aws-sdk/middleware-sdk-s3': [ '3.972.52' ],
36 silly audit   '@aws-sdk/nested-clients': [ '3.997.21' ],
36 silly audit   '@aws-sdk/s3-request-presigner': [ '3.1069.0' ],
36 silly audit   '@aws-sdk/signature-v4-multi-region': [ '3.996.35' ],
36 silly audit   '@aws-sdk/token-providers': [ '3.1069.0' ],
36 silly audit   '@aws-sdk/types': [ '3.973.13' ],
36 silly audit   '@aws-sdk/util-locate-window': [ '3.965.8' ],
36 silly audit   '@aws-sdk/xml-builder': [ '3.972.30' ],
36 silly audit   '@aws/lambda-invoke-store': [ '0.2.4' ],
36 silly audit   '@babel/code-frame': [ '7.28.6' ],
36 silly audit   '@babel/generator': [ '7.28.6' ],
36 silly audit   '@babel/helper-globals': [ '7.28.0' ],
36 silly audit   '@babel/helper-module-imports': [ '7.28.6' ],
36 silly audit   '@babel/helper-string-parser': [ '7.27.1' ],
36 silly audit   '@babel/helper-validator-identifier': [ '7.28.5' ],
36 silly audit   '@babel/parser': [ '7.28.6' ],
36 silly audit   '@babel/runtime': [ '7.29.7' ],
36 silly audit   '@babel/template': [ '7.28.6' ],
36 silly audit   '@babel/traverse': [ '7.28.6' ],
36 silly audit   '@babel/types': [ '7.28.6' ],
36 silly audit   '@borewit/text-codec': [ '0.2.2' ],
36 silly audit   '@date-fns/tz': [ '1.2.0' ],
36 silly audit   '@dnd-kit/accessibility': [ '3.1.1' ],
36 silly audit   '@dnd-kit/core': [ '6.3.1' ],
36 silly audit   '@dnd-kit/modifiers': [ '9.0.0' ],
36 silly audit   '@dnd-kit/sortable': [ '10.0.0' ],
36 silly audit   '@dnd-kit/utilities': [ '3.2.2' ],
36 silly audit   '@drizzle-team/brocli': [ '0.10.2' ],
36 silly audit   '@emnapi/core': [ '1.10.0' ],
36 silly audit   '@emnapi/runtime': [ '1.11.1', '1.10.0' ],
36 silly audit   '@emnapi/wasi-threads': [ '1.2.1' ],
36 silly audit   '@emotion/babel-plugin': [ '11.13.5' ],
36 silly audit   'convert-source-map': [ '1.9.0' ],
36 silly audit   'source-map': [ '0.5.7', '0.6.1' ],
36 silly audit   '@emotion/cache': [ '11.14.0' ],
36 silly audit   '@emotion/hash': [ '0.9.2' ],
36 silly audit   '@emotion/memoize': [ '0.9.0' ],
36 silly audit   '@emotion/react': [ '11.14.0' ],
36 silly audit   '@emotion/serialize': [ '1.3.3' ],
36 silly audit   '@emotion/sheet': [ '1.4.0' ],
36 silly audit   '@emotion/unitless': [ '0.10.0' ],
36 silly audit   '@emotion/use-insertion-effect-with-fallbacks': [ '1.2.0' ],
36 silly audit   '@emotion/utils': [ '1.4.2' ],
36 silly audit   '@emotion/weak-memoize': [ '0.4.0' ],
36 silly audit   '@epic-web/invariant': [ '1.0.0' ],
36 silly audit   '@esbuild-kit/core-utils': [ '3.3.2' ],
36 silly audit   '@esbuild/android-arm': [ '0.18.20', '0.25.12', '0.27.7' ],
36 silly audit   '@esbuild/android-arm64': [ '0.18.20', '0.25.12', '0.27.7' ],
36 silly audit   '@esbuild/android-x64': [ '0.18.20', '0.25.12', '0.27.7' ],
36 silly audit   '@esbuild/darwin-arm64': [ '0.18.20', '0.25.12', '0.27.7' ],
36 silly audit   '@esbuild/darwin-x64': [ '0.18.20', '0.25.12', '0.27.7' ],
36 silly audit   '@esbuild/freebsd-arm64': [ '0.18.20', '0.25.12', '0.27.7' ],
36 silly audit   '@esbuild/freebsd-x64': [ '0.18.20', '0.25.12', '0.27.7' ],
36 silly audit   '@esbuild/linux-arm': [ '0.18.20', '0.25.12', '0.27.7' ],
36 silly audit   '@esbuild/linux-arm64': [ '0.18.20', '0.25.12', '0.27.7' ],
36 silly audit   '@esbuild/linux-ia32': [ '0.18.20', '0.25.12', '0.27.7' ],
36 silly audit   '@esbuild/linux-loong64': [ '0.18.20', '0.25.12', '0.27.7' ],
36 silly audit   '@esbuild/linux-mips64el': [ '0.18.20', '0.25.12', '0.27.7' ],
36 silly audit   '@esbuild/linux-ppc64': [ '0.18.20', '0.25.12', '0.27.7' ],
36 silly audit   '@esbuild/linux-riscv64': [ '0.18.20', '0.25.12', '0.27.7' ],
36 silly audit   '@esbuild/linux-s390x': [ '0.18.20', '0.25.12', '0.27.7' ],
36 silly audit   '@esbuild/linux-x64': [ '0.18.20', '0.25.12', '0.27.7' ],
36 silly audit   '@esbuild/netbsd-x64': [ '0.18.20', '0.25.12', '0.27.7' ],
36 silly audit   '@esbuild/openbsd-x64': [ '0.18.20', '0.25.12', '0.27.7' ],
36 silly audit   '@esbuild/sunos-x64': [ '0.18.20', '0.25.12', '0.27.7' ],
36 silly audit   '@esbuild/win32-arm64': [ '0.18.20', '0.25.12', '0.27.7' ],
36 silly audit   '@esbuild/win32-ia32': [ '0.18.20', '0.25.12', '0.27.7' ],
36 silly audit   '@esbuild/win32-x64': [ '0.18.20', '0.25.12', '0.27.7' ],
36 silly audit   esbuild: [ '0.18.20', '0.25.12', '0.27.7' ],
36 silly audit   '@esbuild-kit/esm-loader': [ '2.6.5' ],
36 silly audit   '@esbuild/aix-ppc64': [ '0.25.12', '0.27.7' ],
36 silly audit   '@esbuild/netbsd-arm64': [ '0.25.12', '0.27.7' ],
36 silly audit   '@esbuild/openbsd-arm64': [ '0.25.12', '0.27.7' ],
36 silly audit   '@esbuild/openharmony-arm64': [ '0.25.12', '0.27.7' ],
36 silly audit   '@eslint-community/eslint-utils': [ '4.9.1' ],
36 silly audit   'eslint-visitor-keys': [ '3.4.3', '5.0.1', '4.2.1' ],
36 silly audit   '@eslint-community/regexpp': [ '4.12.2' ],
36 silly audit   '@eslint/config-array': [ '0.21.2' ],
36 silly audit   'balanced-match': [ '1.0.2', '4.0.4' ],
36 silly audit   'brace-expansion': [ '1.1.15', '5.0.4' ],
36 silly audit   minimatch: [ '3.1.5', '10.2.4' ],
36 silly audit   '@eslint/config-helpers': [ '0.4.2' ],
36 silly audit   '@eslint/core': [ '0.17.0' ],
36 silly audit   '@eslint/eslintrc': [ '3.3.5' ],
36 silly audit   ajv: [ '6.15.0', '8.18.0' ],
36 silly audit   'json-schema-traverse': [ '0.4.1', '1.0.0' ],
36 silly audit   '@eslint/js': [ '9.39.4' ],
36 silly audit   '@eslint/object-schema': [ '2.1.7' ],
36 silly audit   '@eslint/plugin-kit': [ '0.4.1' ],
36 silly audit   '@faceless-ui/modal': [ '3.0.0' ],
36 silly audit   '@faceless-ui/scroll-info': [ '2.0.0' ],
36 silly audit   '@faceless-ui/window-info': [ '3.0.1' ],
36 silly audit   '@floating-ui/core': [ '1.7.5' ],
36 silly audit   '@floating-ui/dom': [ '1.7.6' ],
36 silly audit   '@floating-ui/react': [ '0.27.19' ],
36 silly audit   '@floating-ui/react-dom': [ '2.1.8' ],
36 silly audit   '@floating-ui/utils': [ '0.2.11' ],
36 silly audit   '@humanfs/core': [ '0.19.2' ],
36 silly audit   '@humanfs/node': [ '0.16.8' ],
36 silly audit   '@humanfs/types': [ '0.15.0' ],
36 silly audit   '@humanwhocodes/module-importer': [ '1.0.1' ],
36 silly audit   '@humanwhocodes/retry': [ '0.4.3' ],
36 silly audit   '@img/colour': [ '1.1.0' ],
36 silly audit   '@img/sharp-darwin-arm64': [ '0.34.5' ],
36 silly audit   '@img/sharp-darwin-x64': [ '0.34.5' ],
36 silly audit   '@img/sharp-libvips-darwin-arm64': [ '1.2.4' ],
36 silly audit   '@img/sharp-libvips-darwin-x64': [ '1.2.4' ],
36 silly audit   '@img/sharp-libvips-linux-arm': [ '1.2.4' ],
36 silly audit   '@img/sharp-libvips-linux-arm64': [ '1.2.4' ],
36 silly audit   '@img/sharp-libvips-linux-ppc64': [ '1.2.4' ],
36 silly audit   '@img/sharp-libvips-linux-riscv64': [ '1.2.4' ],
36 silly audit   '@img/sharp-libvips-linux-s390x': [ '1.2.4' ],
36 silly audit   '@img/sharp-libvips-linux-x64': [ '1.2.4' ],
36 silly audit   '@img/sharp-libvips-linuxmusl-arm64': [ '1.2.4' ],
36 silly audit   '@img/sharp-libvips-linuxmusl-x64': [ '1.2.4' ],
36 silly audit   '@img/sharp-linux-arm': [ '0.34.5' ],
36 silly audit   '@img/sharp-linux-arm64': [ '0.34.5' ],
36 silly audit   '@img/sharp-linux-ppc64': [ '0.34.5' ],
36 silly audit   '@img/sharp-linux-riscv64': [ '0.34.5' ],
36 silly audit   '@img/sharp-linux-s390x': [ '0.34.5' ],
36 silly audit   '@img/sharp-linux-x64': [ '0.34.5' ],
36 silly audit   '@img/sharp-linuxmusl-arm64': [ '0.34.5' ],
36 silly audit   '@img/sharp-linuxmusl-x64': [ '0.34.5' ],
36 silly audit   '@img/sharp-wasm32': [ '0.34.5' ],
36 silly audit   '@img/sharp-win32-arm64': [ '0.34.5' ],
36 silly audit   '@img/sharp-win32-ia32': [ '0.34.5' ],
36 silly audit   '@img/sharp-win32-x64': [ '0.34.5' ],
36 silly audit   '@jridgewell/gen-mapping': [ '0.3.13' ],
36 silly audit   '@jridgewell/remapping': [ '2.3.5' ],
36 silly audit   '@jridgewell/resolve-uri': [ '3.1.2' ],
36 silly audit   '@jridgewell/sourcemap-codec': [ '1.5.5' ],
36 silly audit   '@jridgewell/trace-mapping': [ '0.3.31' ],
36 silly audit   '@jsdevtools/ono': [ '7.1.3' ],
36 silly audit   '@lexical/clipboard': [ '0.41.0' ],
36 silly audit   '@lexical/code': [ '0.41.0' ],
36 silly audit   '@lexical/devtools-core': [ '0.41.0' ],
36 silly audit   '@lexical/dragon': [ '0.41.0' ],
36 silly audit   '@lexical/extension': [ '0.41.0' ],
36 silly audit   '@lexical/hashtag': [ '0.41.0' ],
36 silly audit   '@lexical/headless': [ '0.41.0' ],
36 silly audit   '@lexical/history': [ '0.41.0' ],
36 silly audit   '@lexical/html': [ '0.41.0' ],
36 silly audit   '@lexical/link': [ '0.41.0' ],
36 silly audit   '@lexical/list': [ '0.41.0' ],
36 silly audit   '@lexical/mark': [ '0.41.0' ],
36 silly audit   '@lexical/markdown': [ '0.41.0' ],
36 silly audit   '@lexical/offset': [ '0.41.0' ],
36 silly audit   '@lexical/overflow': [ '0.41.0' ],
36 silly audit   '@lexical/plain-text': [ '0.41.0' ],
36 silly audit   '@lexical/react': [ '0.41.0' ],
36 silly audit   'react-error-boundary': [ '6.1.2', '4.1.2' ],
36 silly audit   '@lexical/rich-text': [ '0.41.0' ],
36 silly audit   '@lexical/selection': [ '0.41.0' ],
36 silly audit   '@lexical/table': [ '0.41.0' ],
36 silly audit   '@lexical/text': [ '0.41.0' ],
36 silly audit   '@lexical/utils': [ '0.41.0' ],
36 silly audit   '@lexical/yjs': [ '0.41.0' ],
36 silly audit   '@monaco-editor/loader': [ '1.7.0' ],
36 silly audit   '@monaco-editor/react': [ '4.7.0' ],
36 silly audit   '@napi-rs/wasm-runtime': [ '1.1.5' ],
36 silly audit   '@next/env': [ '15.5.19', '15.4.11' ],
36 silly audit   '@next/eslint-plugin-next': [ '15.4.11' ],
36 silly audit   'fast-glob': [ '3.3.1' ],
36 silly audit   '@next/swc-darwin-arm64': [ '15.4.8' ],
36 silly audit   '@next/swc-darwin-x64': [ '15.4.8' ],
36 silly audit   '@next/swc-linux-arm64-gnu': [ '15.4.8' ],
36 silly audit   '@next/swc-linux-arm64-musl': [ '15.4.8' ],
36 silly audit   '@next/swc-linux-x64-gnu': [ '15.4.8' ],
36 silly audit   '@next/swc-linux-x64-musl': [ '15.4.8' ],
36 silly audit   '@next/swc-win32-arm64-msvc': [ '15.4.8' ],
36 silly audit   '@next/swc-win32-x64-msvc': [ '15.4.8' ],
36 silly audit   '@nodable/entities': [ '2.2.0' ],
36 silly audit   '@nodelib/fs.scandir': [ '2.1.5' ],
36 silly audit   '@nodelib/fs.stat': [ '2.0.5' ],
36 silly audit   '@nodelib/fs.walk': [ '1.2.8' ],
36 silly audit   '@nolyfill/is-core-module': [ '1.0.39' ],
36 silly audit   '@payloadcms/db-postgres': [ '3.82.1' ],
36 silly audit   '@payloadcms/drizzle': [ '3.82.1' ],
36 silly audit   uuid: [ '9.0.0', '10.0.0' ],
36 silly audit   '@payloadcms/graphql': [ '3.82.1' ],
36 silly audit   '@payloadcms/next': [ '3.82.1' ],
36 silly audit   '@payloadcms/plugin-cloud-storage': [ '3.82.1' ],
36 silly audit   '@payloadcms/richtext-lexical': [ '3.82.1' ],
36 silly audit   acorn: [ '8.16.0', '8.17.0' ],
36 silly audit   csstype: [ '3.1.3', '3.2.3' ],
36 silly audit   '@payloadcms/storage-s3': [ '3.82.1' ],
36 silly audit   '@payloadcms/translations': [ '3.82.1' ],
36 silly audit   '@payloadcms/ui': [ '3.82.1' ],
36 silly audit   scheduler: [ '0.25.0', '0.27.0' ],
36 silly audit   '@pinojs/redact': [ '0.4.0' ],
36 silly audit   '@preact/signals-core': [ '1.14.2' ],
36 silly audit   '@rtsao/scc': [ '1.1.0' ],
36 silly audit   '@rushstack/eslint-patch': [ '1.16.1' ],
36 silly audit   '@smithy/core': [ '3.25.0' ],
36 silly audit   '@smithy/credential-provider-imds': [ '4.4.0' ],
36 silly audit   '@smithy/fetch-http-handler': [ '5.5.0' ],
36 silly audit   '@smithy/is-array-buffer': [ '2.2.0' ],
36 silly audit   '@smithy/node-http-handler': [ '4.8.0' ],
36 silly audit   '@smithy/signature-v4': [ '5.5.0' ],
36 silly audit   '@smithy/types': [ '4.15.0' ],
36 silly audit   '@smithy/util-buffer-from': [ '2.2.0' ],
36 silly audit   '@smithy/util-utf8': [ '2.3.0' ],
36 silly audit   '@swc/helpers': [ '0.5.15' ],
36 silly audit   '@tailwindcss/node': [ '4.1.18' ],
36 silly audit   '@tailwindcss/oxide': [ '4.1.18' ],
36 silly audit   '@tailwindcss/oxide-android-arm64': [ '4.1.18' ],
36 silly audit   '@tailwindcss/oxide-darwin-arm64': [ '4.1.18' ],
36 silly audit   '@tailwindcss/oxide-darwin-x64': [ '4.1.18' ],
36 silly audit   '@tailwindcss/oxide-freebsd-x64': [ '4.1.18' ],
36 silly audit   '@tailwindcss/oxide-linux-arm-gnueabihf': [ '4.1.18' ],
36 silly audit   '@tailwindcss/oxide-linux-arm64-gnu': [ '4.1.18' ],
36 silly audit   '@tailwindcss/oxide-linux-arm64-musl': [ '4.1.18' ],
36 silly audit   '@tailwindcss/oxide-linux-x64-gnu': [ '4.1.18' ],
36 silly audit   '@tailwindcss/oxide-linux-x64-musl': [ '4.1.18' ],
36 silly audit   '@tailwindcss/oxide-wasm32-wasi': [ '4.1.18' ],
36 silly audit   '@tailwindcss/oxide-win32-arm64-msvc': [ '4.1.18' ],
36 silly audit   '@tailwindcss/oxide-win32-x64-msvc': [ '4.1.18' ],
36 silly audit   '@tailwindcss/postcss': [ '4.1.18' ],
36 silly audit   '@tokenizer/inflate': [ '0.4.1' ],
36 silly audit   '@tokenizer/token': [ '0.3.0' ],
36 silly audit   '@tybys/wasm-util': [ '0.10.2' ],
36 silly audit   '@types/acorn': [ '4.0.6' ],
36 silly audit   '@types/busboy': [ '1.5.4' ],
36 silly audit   '@types/debug': [ '4.1.13' ],
36 silly audit   '@types/estree': [ '1.0.8' ],
36 silly audit   '@types/estree-jsx': [ '1.0.5' ],
36 silly audit   '@types/hast': [ '3.0.4' ],
36 silly audit   '@types/json-schema': [ '7.0.15' ],
36 silly audit   '@types/json5': [ '0.0.29' ],
36 silly audit   '@types/lodash': [ '4.17.24' ],
36 silly audit   '@types/mdast': [ '4.0.4' ],
36 silly audit   '@types/ms': [ '2.1.0' ],
36 silly audit   '@types/node': [ '20.17.6' ],
36 silly audit   '@types/parse-json': [ '4.0.2' ],
36 silly audit   '@types/pg': [ '8.10.2' ],
36 silly audit   '@types/react': [ '19.2.17' ],
36 silly audit   '@types/react-transition-group': [ '4.4.12' ],
36 silly audit   '@types/unist': [ '3.0.3', '2.0.11' ],
36 silly audit   '@types/uuid': [ '10.0.0' ],
36 silly audit   '@types/whatwg-mimetype': [ '3.0.2' ],
36 silly audit   '@types/ws': [ '8.18.1' ],
36 silly audit   '@typescript-eslint/eslint-plugin': [ '8.61.1' ],
36 silly audit   ignore: [ '7.0.5', '5.3.2' ],
36 silly audit   '@typescript-eslint/parser': [ '8.61.1' ],
36 silly audit   '@typescript-eslint/project-service': [ '8.61.1' ],
36 silly audit   '@typescript-eslint/scope-manager': [ '8.61.1' ],
36 silly audit   '@typescript-eslint/tsconfig-utils': [ '8.61.1' ],
36 silly audit   '@typescript-eslint/type-utils': [ '8.61.1' ],
36 silly audit   '@typescript-eslint/types': [ '8.61.1' ],
36 silly audit   '@typescript-eslint/typescript-estree': [ '8.61.1' ],
36 silly audit   semver: [ '7.8.4', '6.3.1' ],
36 silly audit   '@typescript-eslint/utils': [ '8.61.1' ],
36 silly audit   '@typescript-eslint/visitor-keys': [ '8.61.1' ],
36 silly audit   '@unrs/resolver-binding-android-arm-eabi': [ '1.12.2' ],
36 silly audit   '@unrs/resolver-binding-android-arm64': [ '1.12.2' ],
36 silly audit   '@unrs/resolver-binding-darwin-arm64': [ '1.12.2' ],
36 silly audit   '@unrs/resolver-binding-darwin-x64': [ '1.12.2' ],
36 silly audit   '@unrs/resolver-binding-freebsd-x64': [ '1.12.2' ],
36 silly audit   '@unrs/resolver-binding-linux-arm-gnueabihf': [ '1.12.2' ],
36 silly audit   '@unrs/resolver-binding-linux-arm-musleabihf': [ '1.12.2' ],
36 silly audit   '@unrs/resolver-binding-linux-arm64-gnu': [ '1.12.2' ],
36 silly audit   '@unrs/resolver-binding-linux-arm64-musl': [ '1.12.2' ],
36 silly audit   '@unrs/resolver-binding-linux-loong64-gnu': [ '1.12.2' ],
36 silly audit   '@unrs/resolver-binding-linux-loong64-musl': [ '1.12.2' ],
36 silly audit   '@unrs/resolver-binding-linux-ppc64-gnu': [ '1.12.2' ],
36 silly audit   '@unrs/resolver-binding-linux-riscv64-gnu': [ '1.12.2' ],
36 silly audit   '@unrs/resolver-binding-linux-riscv64-musl': [ '1.12.2' ],
36 silly audit   '@unrs/resolver-binding-linux-s390x-gnu': [ '1.12.2' ],
36 silly audit   '@unrs/resolver-binding-linux-x64-gnu': [ '1.12.2' ],
36 silly audit   '@unrs/resolver-binding-linux-x64-musl': [ '1.12.2' ],
36 silly audit   '@unrs/resolver-binding-openharmony-arm64': [ '1.12.2' ],
36 silly audit   '@unrs/resolver-binding-wasm32-wasi': [ '1.12.2' ],
36 silly audit   '@unrs/resolver-binding-win32-arm64-msvc': [ '1.12.2' ],
36 silly audit   '@unrs/resolver-binding-win32-ia32-msvc': [ '1.12.2' ],
36 silly audit   '@unrs/resolver-binding-win32-x64-msvc': [ '1.12.2' ],
36 silly audit   'acorn-jsx': [ '5.3.2' ],
36 silly audit   'ansi-styles': [ '4.3.0' ],
36 silly audit   anymatch: [ '3.1.3' ],
36 silly audit   picomatch: [ '2.3.2', '2.3.1', '4.0.3' ],
36 silly audit   anynum: [ '1.0.0' ],
36 silly audit   argparse: [ '2.0.1' ],
36 silly audit   'aria-query': [ '5.3.2' ],
36 silly audit   'array-buffer-byte-length': [ '1.0.2' ],
36 silly audit   'array-includes': [ '3.1.9' ],
36 silly audit   'array.prototype.findlast': [ '1.2.5' ],
36 silly audit   'array.prototype.findlastindex': [ '1.2.6' ],
36 silly audit   'array.prototype.flat': [ '1.3.3' ],
36 silly audit   'array.prototype.flatmap': [ '1.3.3' ],
36 silly audit   'array.prototype.tosorted': [ '1.1.4' ],
36 silly audit   'arraybuffer.prototype.slice': [ '1.0.4' ],
36 silly audit   'ast-types-flow': [ '0.0.8' ],
36 silly audit   'async-function': [ '1.0.0' ],
36 silly audit   'atomic-sleep': [ '1.0.0' ],
36 silly audit   autoprefixer: [ '10.4.23' ],
36 silly audit   'available-typed-arrays': [ '1.0.7' ],
36 silly audit   'axe-core': [ '4.12.1' ],
36 silly audit   'axobject-query': [ '4.1.0' ],
36 silly audit   'babel-plugin-macros': [ '3.1.0' ],
36 silly audit   cosmiconfig: [ '7.1.0' ],
36 silly audit   resolve: [ '1.22.12', '2.0.0-next.7' ],
36 silly audit   'base64-js': [ '1.5.1' ],
36 silly audit   'baseline-browser-mapping': [ '2.9.16' ],
36 silly audit   'binary-extensions': [ '2.3.0' ],
36 silly audit   'body-scroll-lock': [ '4.0.0-beta.0' ],
36 silly audit   bowser: [ '2.14.1' ],
36 silly audit   braces: [ '3.0.3' ],
36 silly audit   browserslist: [ '4.28.1' ],
36 silly audit   'bson-objectid': [ '2.0.4' ],
36 silly audit   buffer: [ '5.6.0' ],
36 silly audit   'buffer-from': [ '1.1.2' ],
36 silly audit   'buffer-image-size': [ '0.6.4' ],
36 silly audit   busboy: [ '1.6.0' ],
36 silly audit   'call-bind': [ '1.0.9' ],
36 silly audit   'call-bind-apply-helpers': [ '1.0.2' ],
36 silly audit   'call-bound': [ '1.0.4' ],
36 silly audit   callsites: [ '3.1.0' ],
36 silly audit   'caniuse-lite': [ '1.0.30001765' ],
36 silly audit   ccount: [ '2.0.1' ],
36 silly audit   'character-entities': [ '2.0.2' ],
36 silly audit   'character-entities-html4': [ '2.1.0' ],
36 silly audit   'character-entities-legacy': [ '3.0.0' ],
36 silly audit   'character-reference-invalid': [ '2.0.1' ],
36 silly audit   charenc: [ '0.0.2' ],
36 silly audit   chokidar: [ '3.6.0' ],
36 silly audit   'ci-info': [ '4.4.0' ],
36 silly audit   'client-only': [ '0.0.1' ],
36 silly audit   clsx: [ '2.1.1' ],
36 silly audit   'color-convert': [ '2.0.1' ],
36 silly audit   'color-name': [ '1.1.4' ],
36 silly audit   colorette: [ '2.0.20' ],
36 silly audit   'concat-map': [ '0.0.1' ],
36 silly audit   'console-table-printer': [ '2.12.1' ],
36 silly audit   croner: [ '9.1.0' ],
36 silly audit   'cross-env': [ '10.1.0' ],
36 silly audit   'cross-spawn': [ '7.0.6' ],
36 silly audit   isexe: [ '2.0.0' ],
36 silly audit   which: [ '2.0.2', '1.3.1' ],
36 silly audit   crypt: [ '0.0.2' ],
36 silly audit   cssfilter: [ '0.0.10' ],
36 silly audit   'damerau-levenshtein': [ '1.0.8' ],
36 silly audit   'data-view-buffer': [ '1.0.2' ],
36 silly audit   'data-view-byte-length': [ '1.0.2' ],
36 silly audit   'data-view-byte-offset': [ '1.0.1' ],
36 silly audit   dataloader: [ '2.2.3' ],
36 silly audit   'date-fns': [ '4.1.0', '3.6.0' ],
36 silly audit   dateformat: [ '4.6.3' ],
36 silly audit   debug: [ '4.4.3', '3.2.7' ],
36 silly audit   'decode-named-character-reference': [ '1.3.0' ],
36 silly audit   'deep-is': [ '0.1.4' ],
36 silly audit   deepmerge: [ '4.3.1' ],
36 silly audit   'define-data-property': [ '1.1.4' ],
36 silly audit   'define-properties': [ '1.2.1' ],
36 silly audit   dequal: [ '2.0.3' ],
36 silly audit   'detect-file': [ '1.0.0' ],
36 silly audit   'detect-libc': [ '2.1.2' ],
36 silly audit   devlop: [ '1.1.0' ],
36 silly audit   doctrine: [ '2.1.0' ],
36 silly audit   'dom-helpers': [ '5.2.1' ],
36 silly audit   'drizzle-kit': [ '0.31.7' ],
36 silly audit   'drizzle-orm': [ '0.44.7' ],
36 silly audit   'dunder-proto': [ '1.0.1' ],
36 silly audit   'electron-to-chromium': [ '1.5.267' ],
36 silly audit   'end-of-stream': [ '1.4.5' ],
36 silly audit   'enhanced-resolve': [ '5.18.4' ],
36 silly audit   entities: [ '7.0.1' ],
36 silly audit   'error-ex': [ '1.3.4' ],
36 silly audit   'es-abstract': [ '1.24.2' ],
36 silly audit   'es-abstract-get': [ '1.0.0' ],
36 silly audit   'es-define-property': [ '1.0.1' ],
36 silly audit   'es-errors': [ '1.3.0' ],
36 silly audit   'es-iterator-helpers': [ '1.3.3' ],
36 silly audit   'es-object-atoms': [ '1.1.2' ],
36 silly audit   'es-set-tostringtag': [ '2.1.0' ],
36 silly audit   'es-shim-unscopables': [ '1.1.0' ],
36 silly audit   'es-to-primitive': [ '1.3.1' ],
36 silly audit   'esbuild-register': [ '3.6.0' ],
36 silly audit   escalade: [ '3.2.0' ],
36 silly audit   'escape-html': [ '1.0.3' ],
36 silly audit   'escape-string-regexp': [ '4.0.0' ],
36 silly audit   eslint: [ '9.39.4' ],
36 silly audit   'eslint-config-next': [ '15.4.11' ],
36 silly audit   'eslint-import-resolver-node': [ '0.3.10' ],
36 silly audit   'eslint-import-resolver-typescript': [ '3.10.1' ],
36 silly audit   'eslint-module-utils': [ '2.13.0' ],
36 silly audit   'eslint-plugin-import': [ '2.32.0' ],
36 silly audit   json5: [ '1.0.2' ],
36 silly audit   'tsconfig-paths': [ '3.15.0' ],
36 silly audit   'eslint-plugin-jsx-a11y': [ '6.10.2' ],
36 silly audit   'emoji-regex': [ '9.2.2' ],
36 silly audit   'eslint-plugin-react': [ '7.37.5' ],
36 silly audit   'eslint-plugin-react-hooks': [ '5.2.0' ],
36 silly audit   'eslint-scope': [ '8.4.0' ],
36 silly audit   chalk: [ '4.1.2' ],
36 silly audit   'glob-parent': [ '6.0.2', '5.1.2' ],
36 silly audit   espree: [ '10.4.0' ],
36 silly audit   esquery: [ '1.7.0' ],
36 silly audit   esrecurse: [ '4.3.0' ],
36 silly audit   estraverse: [ '5.3.0' ],
36 silly audit   'estree-util-is-identifier-name': [ '3.0.0' ],
36 silly audit   'estree-util-visit': [ '2.0.0' ],
36 silly audit   esutils: [ '2.0.3' ],
36 silly audit   events: [ '3.3.0' ],
36 silly audit   'expand-tilde': [ '2.0.2' ],
36 silly audit   'fast-copy': [ '3.0.2' ],
36 silly audit   'fast-deep-equal': [ '3.1.3' ],
36 silly audit   'fast-json-stable-stringify': [ '2.1.0' ],
36 silly audit   'fast-levenshtein': [ '2.0.6' ],
36 silly audit   'fast-safe-stringify': [ '2.1.1' ],
36 silly audit   'fast-uri': [ '3.1.0' ],
36 silly audit   'fast-xml-builder': [ '1.2.0' ],
36 silly audit   'fast-xml-parser': [ '5.7.3' ],
36 silly audit   fastq: [ '1.20.1' ],
36 silly audit   fdir: [ '6.5.0' ],
36 silly audit   'file-entry-cache': [ '8.0.0' ],
36 silly audit   'file-type': [ '21.3.4' ],
36 silly audit   'fill-range': [ '7.1.1' ],
36 silly audit   'find-node-modules': [ '2.1.3' ],
36 silly audit   'find-root': [ '1.1.0' ],
36 silly audit   'find-up': [ '5.0.0' ],
36 silly audit   'findup-sync': [ '4.0.0' ],
36 silly audit   'flat-cache': [ '4.0.1' ],
36 silly audit   flatted: [ '3.4.2' ],
36 silly audit   'focus-trap': [ '7.5.4' ],
36 silly audit   'for-each': [ '0.3.5' ],
36 silly audit   'fraction.js': [ '5.3.4' ],
36 silly audit   fsevents: [ '2.3.3', '2.3.2' ],
36 silly audit   'function-bind': [ '1.1.2' ],
36 silly audit   'function.prototype.name': [ '1.2.0' ],
36 silly audit   'functions-have-names': [ '1.2.3' ],
36 silly audit   'generator-function': [ '2.0.1' ],
36 silly audit   'get-intrinsic': [ '1.3.0' ],
36 silly audit   'get-proto': [ '1.0.1' ],
36 silly audit   'get-symbol-description': [ '1.1.0' ],
36 silly audit   'get-tsconfig': [ '4.14.0', '4.8.1' ],
36 silly audit   'global-modules': [ '1.0.0' ],
36 silly audit   'global-prefix': [ '1.0.2' ],
36 silly audit   globals: [ '14.0.0' ],
36 silly audit   globalthis: [ '1.0.4' ],
36 silly audit   gopd: [ '1.2.0' ],
36 silly audit   'graceful-fs': [ '4.2.11' ],
36 silly audit   graphql: [ '16.12.0' ],
36 silly audit   'graphql-http': [ '1.22.4' ],
36 silly audit   'graphql-playground-html': [ '1.6.30' ],
36 silly audit   'graphql-scalars': [ '1.22.2' ],
36 silly audit   'happy-dom': [ '20.10.4' ],
36 silly audit   'has-bigints': [ '1.1.0' ],
36 silly audit   'has-flag': [ '4.0.0' ],
36 silly audit   'has-property-descriptors': [ '1.0.2' ],
36 silly audit   'has-proto': [ '1.2.0' ],
36 silly audit   'has-symbols': [ '1.1.0' ],
36 silly audit   'has-tostringtag': [ '1.0.2' ],
36 silly audit   hasown: [ '2.0.4' ],
36 silly audit   'help-me': [ '5.0.0' ],
36 silly audit   'hoist-non-react-statics': [ '3.3.2' ],
36 silly audit   'homedir-polyfill': [ '1.0.3' ],
36 silly audit   'http-status': [ '2.1.0' ],
36 silly audit   ieee754: [ '1.2.1' ],
36 silly audit   'image-size': [ '2.0.2' ],
36 silly audit   immutable: [ '4.3.8' ],
36 silly audit   'import-fresh': [ '3.3.1' ],
36 silly audit   imurmurhash: [ '0.1.4' ],
36 silly audit   inherits: [ '2.0.4' ],
36 silly audit   ini: [ '1.3.8' ],
36 silly audit   'internal-slot': [ '1.1.0' ],
36 silly audit   'is-alphabetical': [ '2.0.1' ],
36 silly audit   'is-alphanumerical': [ '2.0.1' ],
36 silly audit   'is-array-buffer': [ '3.0.5' ],
36 silly audit   'is-arrayish': [ '0.2.1' ],
36 silly audit   'is-async-function': [ '2.1.1' ],
36 silly audit   'is-bigint': [ '1.1.0' ],
36 silly audit   'is-binary-path': [ '2.1.0' ],
36 silly audit   'is-boolean-object': [ '1.2.2' ],
36 silly audit   'is-buffer': [ '1.1.6' ],
36 silly audit   'is-bun-module': [ '2.0.0' ],
36 silly audit   'is-callable': [ '1.2.7' ],
36 silly audit   'is-core-module': [ '2.16.2' ],
36 silly audit   'is-data-view': [ '1.0.2' ],
36 silly audit   'is-date-object': [ '1.1.0' ],
36 silly audit   'is-decimal': [ '2.0.1' ],
36 silly audit   'is-document.all': [ '1.0.0' ],
36 silly audit   'is-extglob': [ '2.1.1' ],
36 silly audit   'is-finalizationregistry': [ '1.1.1' ],
36 silly audit   'is-generator-function': [ '1.1.2' ],
36 silly audit   'is-glob': [ '4.0.3' ],
36 silly audit   'is-hexadecimal': [ '2.0.1' ],
36 silly audit   'is-map': [ '2.0.3' ],
36 silly audit   'is-negative-zero': [ '2.0.3' ],
36 silly audit   'is-number': [ '7.0.0' ],
36 silly audit   'is-number-object': [ '1.1.1' ],
36 silly audit   'is-regex': [ '1.2.1' ],
36 silly audit   'is-set': [ '2.0.3' ],
36 silly audit   'is-shared-array-buffer': [ '1.0.4' ],
36 silly audit   'is-string': [ '1.1.1' ],
36 silly audit   'is-symbol': [ '1.1.1' ],
36 silly audit   'is-typed-array': [ '1.1.15' ],
36 silly audit   'is-weakmap': [ '2.0.2' ],
36 silly audit   'is-weakref': [ '1.1.1' ],
36 silly audit   'is-weakset': [ '2.0.4' ],
36 silly audit   'is-windows': [ '1.0.2' ],
36 silly audit   isarray: [ '2.0.5' ],
36 silly audit   'iterator.prototype': [ '1.1.5' ],
36 silly audit   jiti: [ '2.6.1' ],
36 silly audit   joycon: [ '3.1.1' ],
36 silly audit   'js-tokens': [ '4.0.0' ],
36 silly audit   'js-yaml': [ '4.1.1' ],
36 silly audit   jsesc: [ '3.1.0' ],
36 silly audit   'json-buffer': [ '3.0.1' ],
36 silly audit   'json-parse-even-better-errors': [ '2.3.1' ],
36 silly audit   'json-schema-to-typescript': [ '15.0.3' ],
36 silly audit   'json-stable-stringify-without-jsonify': [ '1.0.1' ],
36 silly audit   jsox: [ '1.2.121' ],
36 silly audit   'jsx-ast-utils': [ '3.3.5' ],
36 silly audit   keyv: [ '4.5.4' ],
36 silly audit   'language-subtag-registry': [ '0.3.23' ],
36 silly audit   'language-tags': [ '1.0.9' ],
36 silly audit   levn: [ '0.4.1' ],
36 silly audit   lexical: [ '0.41.0' ],
36 silly audit   lightningcss: [ '1.30.2' ],
36 silly audit   'lightningcss-android-arm64': [ '1.30.2' ],
36 silly audit   'lightningcss-darwin-arm64': [ '1.30.2' ],
36 silly audit   'lightningcss-darwin-x64': [ '1.30.2' ],
36 silly audit   'lightningcss-freebsd-x64': [ '1.30.2' ],
36 silly audit   'lightningcss-linux-arm-gnueabihf': [ '1.30.2' ],
36 silly audit   'lightningcss-linux-arm64-gnu': [ '1.30.2' ],
36 silly audit   'lightningcss-linux-arm64-musl': [ '1.30.2' ],
36 silly audit   'lightningcss-linux-x64-gnu': [ '1.30.2' ],
36 silly audit   'lightningcss-linux-x64-musl': [ '1.30.2' ],
36 silly audit   'lightningcss-win32-arm64-msvc': [ '1.30.2' ],
36 silly audit   'lightningcss-win32-x64-msvc': [ '1.30.2' ],
36 silly audit   'lines-and-columns': [ '1.2.4' ],
36 silly audit   'locate-path': [ '6.0.0' ],
36 silly audit   lodash: [ '4.18.1' ],
36 silly audit   'lodash.merge': [ '4.6.2' ],
36 silly audit   'longest-streak': [ '3.1.0' ],
36 silly audit   'loose-envify': [ '1.4.0' ],
36 silly audit   'lucide-react': [ '0.562.0' ],
36 silly audit   'magic-string': [ '0.30.21' ],
36 silly audit   'math-intrinsics': [ '1.1.0' ],
36 silly audit   md5: [ '2.3.0' ],
36 silly audit   'mdast-util-from-markdown': [ '2.0.2' ],
36 silly audit   'mdast-util-mdx-jsx': [ '3.1.3' ],
36 silly audit   'mdast-util-phrasing': [ '4.1.0' ],
36 silly audit   'mdast-util-to-markdown': [ '2.1.2' ],
36 silly audit   'mdast-util-to-string': [ '4.0.0' ],
36 silly audit   'memoize-one': [ '6.0.0' ],
36 silly audit   merge: [ '2.1.1' ],
36 silly audit   merge2: [ '1.4.1' ],
36 silly audit   micromark: [ '4.0.2' ],
36 silly audit   'micromark-core-commonmark': [ '2.0.3' ],
36 silly audit   'micromark-extension-mdx-jsx': [ '3.0.1' ],
36 silly audit   'micromark-factory-destination': [ '2.0.1' ],
36 silly audit   'micromark-factory-label': [ '2.0.1' ],
36 silly audit   'micromark-factory-mdx-expression': [ '2.0.3' ],
36 silly audit   'micromark-factory-space': [ '2.0.1' ],
36 silly audit   'micromark-factory-title': [ '2.0.1' ],
36 silly audit   'micromark-factory-whitespace': [ '2.0.1' ],
36 silly audit   'micromark-util-character': [ '2.1.1' ],
36 silly audit   'micromark-util-chunked': [ '2.0.1' ],
36 silly audit   'micromark-util-classify-character': [ '2.0.1' ],
36 silly audit   'micromark-util-combine-extensions': [ '2.0.1' ],
36 silly audit   'micromark-util-decode-numeric-character-reference': [ '2.0.2' ],
36 silly audit   'micromark-util-decode-string': [ '2.0.1' ],
36 silly audit   'micromark-util-encode': [ '2.0.1' ],
36 silly audit   'micromark-util-events-to-acorn': [ '2.0.3' ],
36 silly audit   'micromark-util-html-tag-name': [ '2.0.1' ],
36 silly audit   'micromark-util-normalize-identifier': [ '2.0.1' ],
36 silly audit   'micromark-util-resolve-all': [ '2.0.1' ],
36 silly audit   'micromark-util-sanitize-uri': [ '2.0.1' ],
36 silly audit   'micromark-util-subtokenize': [ '2.1.0' ],
36 silly audit   'micromark-util-symbol': [ '2.0.1' ],
36 silly audit   'micromark-util-types': [ '2.0.2' ],
36 silly audit   micromatch: [ '4.0.8' ],
36 silly audit   minimist: [ '1.2.8' ],
36 silly audit   ms: [ '2.1.3' ],
36 silly audit   nanoid: [ '3.3.11' ],
36 silly audit   'napi-postinstall': [ '0.3.4' ],
36 silly audit   'natural-compare': [ '1.4.0' ],
36 silly audit   next: [ '15.4.11' ],
36 silly audit   postcss: [ '8.4.31', '8.5.6' ],
36 silly audit   'node-exports-info': [ '1.6.0' ],
36 silly audit   'node-releases': [ '2.0.27' ],
36 silly audit   'normalize-path': [ '3.0.0' ],
36 silly audit   'object-assign': [ '4.1.1' ],
36 silly audit   'object-inspect': [ '1.13.4' ],
36 silly audit   'object-keys': [ '1.1.1' ],
36 silly audit   'object-to-formdata': [ '4.5.1' ],
36 silly audit   'object.assign': [ '4.1.7' ],
36 silly audit   'object.entries': [ '1.1.9' ],
36 silly audit   'object.fromentries': [ '2.0.8' ],
36 silly audit   'object.groupby': [ '1.0.3' ],
36 silly audit   'object.values': [ '1.2.1' ],
36 silly audit   obuf: [ '1.1.2' ],
36 silly audit   'on-exit-leak-free': [ '2.1.2' ],
36 silly audit   once: [ '1.4.0' ],
36 silly audit   optionator: [ '0.9.4' ],
36 silly audit   'own-keys': [ '1.0.1' ],
36 silly audit   'p-limit': [ '3.1.0' ],
36 silly audit   'p-locate': [ '5.0.0' ],
36 silly audit   'parent-module': [ '1.0.1' ],
36 silly audit   'parse-entities': [ '4.0.2' ],
36 silly audit   'parse-json': [ '5.2.0' ],
36 silly audit   'parse-passwd': [ '1.0.0' ],
36 silly audit   'path-exists': [ '4.0.0' ],
36 silly audit   'path-expression-matcher': [ '1.5.0' ],
36 silly audit   'path-key': [ '3.1.1' ],
36 silly audit   'path-parse': [ '1.0.7' ],
36 silly audit   'path-to-regexp': [ '6.3.0' ],
36 silly audit   'path-type': [ '4.0.0' ],
36 silly audit   payload: [ '3.82.1' ],
36 silly audit   'ipaddr.js': [ '2.2.0' ],
36 silly audit   jose: [ '5.10.0' ],
36 silly audit   pg: [ '8.16.3' ],
36 silly audit   'pg-cloudflare': [ '1.4.0' ],
36 silly audit   'pg-connection-string': [ '2.13.0' ],
36 silly audit   'pg-int8': [ '1.0.1' ],
36 silly audit   'pg-numeric': [ '1.0.2' ],
36 silly audit   'pg-pool': [ '3.14.0' ],
36 silly audit   'pg-protocol': [ '1.14.0' ],
36 silly audit   'pg-types': [ '4.1.0', '2.2.0' ],
36 silly audit   'postgres-array': [ '2.0.0', '3.0.4' ],
36 silly audit   'postgres-bytea': [ '1.0.1', '3.0.0' ],
36 silly audit   'postgres-date': [ '1.0.7', '2.1.0' ],
36 silly audit   'postgres-interval': [ '1.2.0', '3.0.0' ],
36 silly audit   pgpass: [ '1.0.5' ],
36 silly audit   picocolors: [ '1.1.1' ],
36 silly audit   pino: [ '9.14.0' ],
36 silly audit   'pino-abstract-transport': [ '2.0.0' ],
36 silly audit   'pino-pretty': [ '13.1.2' ],
36 silly audit   'strip-json-comments': [ '5.0.3', '3.1.1' ],
36 silly audit   'pino-std-serializers': [ '7.1.0' ],
36 silly audit   pluralize: [ '8.0.0' ],
36 silly audit   'possible-typed-array-names': [ '1.1.0' ],
36 silly audit   'postcss-value-parser': [ '4.2.0' ],
36 silly audit   'postgres-range': [ '1.1.4' ],
36 silly audit   'prelude-ls': [ '1.2.1' ],
36 silly audit   prettier: [ '3.8.4' ],
36 silly audit   prismjs: [ '1.30.0' ],
36 silly audit   'process-warning': [ '5.0.0' ],
36 silly audit   prompts: [ '2.4.2' ],
36 silly audit   kleur: [ '3.0.3' ],
36 silly audit   'prop-types': [ '15.8.1' ],
36 silly audit   pump: [ '3.0.4' ],
36 silly audit   punycode: [ '2.3.1' ],
36 silly audit   'qs-esm': [ '8.0.1' ],
36 silly audit   'queue-microtask': [ '1.2.3' ],
36 silly audit   'quick-format-unescaped': [ '4.0.4' ],
36 silly audit   'range-parser': [ '1.2.1' ],
36 silly audit   react: [ '19.2.3' ],
36 silly audit   'react-datepicker': [ '7.6.0' ],
36 silly audit   'react-dom': [ '19.2.3' ],
36 silly audit   'react-image-crop': [ '10.1.8' ],
36 silly audit   'react-is': [ '16.13.1' ],
36 silly audit   'react-select': [ '5.9.0' ],
36 silly audit   'react-transition-group': [ '4.4.5' ],
36 silly audit   'readable-stream': [ '3.6.2' ],
36 silly audit   readdirp: [ '3.6.0' ],
36 silly audit   'real-require': [ '0.2.0' ],
36 silly audit   'reflect.getprototypeof': [ '1.0.10' ],
36 silly audit   'regexp.prototype.flags': [ '1.5.4' ],
36 silly audit   'require-from-string': [ '2.0.2' ],
36 silly audit   'resolve-dir': [ '1.0.1' ],
36 silly audit   'resolve-from': [ '4.0.0' ],
36 silly audit   'resolve-pkg-maps': [ '1.0.0' ],
36 silly audit   reusify: [ '1.1.0' ],
36 silly audit   'run-parallel': [ '1.2.0' ],
36 silly audit   'safe-array-concat': [ '1.1.4' ],
36 silly audit   'safe-buffer': [ '5.2.1' ],
36 silly audit   'safe-push-apply': [ '1.0.0' ],
36 silly audit   'safe-regex-test': [ '1.1.0' ],
36 silly audit   'safe-stable-stringify': [ '2.5.0' ],
36 silly audit   'sanitize-filename': [ '1.6.3' ],
36 silly audit   sass: [ '1.77.4' ],
36 silly audit   'secure-json-parse': [ '4.1.0' ],
36 silly audit   'set-function-length': [ '1.2.2' ],
36 silly audit   'set-function-name': [ '2.0.2' ],
36 silly audit   'set-proto': [ '1.0.0' ],
36 silly audit   sharp: [ '0.34.5' ],
36 silly audit   'shebang-command': [ '2.0.0' ],
36 silly audit   'shebang-regex': [ '3.0.0' ],
36 silly audit   'side-channel': [ '1.1.0' ],
36 silly audit   'side-channel-list': [ '1.0.0' ],
36 silly audit   'side-channel-map': [ '1.0.1' ],
36 silly audit   'side-channel-weakmap': [ '1.0.2' ],
36 silly audit   'simple-wcswidth': [ '1.1.2' ],
36 silly audit   sisteransi: [ '1.0.5' ],
36 silly audit   'sonic-boom': [ '4.2.1' ],
36 silly audit   sonner: [ '1.7.4' ],
36 silly audit   'source-map-js': [ '1.2.1' ],
36 silly audit   'source-map-support': [ '0.5.21' ],
36 silly audit   split2: [ '4.2.0' ],
36 silly audit   'stable-hash': [ '0.0.5' ],
36 silly audit   'state-local': [ '1.0.7' ],
36 silly audit   'stop-iteration-iterator': [ '1.1.0' ],
36 silly audit   'stream-browserify': [ '3.0.0' ],
36 silly audit   streamsearch: [ '1.1.0' ],
36 silly audit   string_decoder: [ '1.3.0' ],
36 silly audit   'string.prototype.includes': [ '2.0.1' ],
36 silly audit   'string.prototype.matchall': [ '4.0.12' ],
36 silly audit   'string.prototype.repeat': [ '1.0.0' ],
36 silly audit   'string.prototype.trim': [ '1.2.11' ],
36 silly audit   'string.prototype.trimend': [ '1.0.10' ],
36 silly audit   'string.prototype.trimstart': [ '1.0.8' ],
36 silly audit   'stringify-entities': [ '4.0.4' ],
36 silly audit   'strip-bom': [ '3.0.0' ],
36 silly audit   strnum: [ '2.4.0' ],
36 silly audit   strtok3: [ '10.3.5' ],
36 silly audit   'styled-jsx': [ '5.1.6' ],
36 silly audit   stylis: [ '4.2.0' ],
36 silly audit   'supports-color': [ '7.2.0' ],
36 silly audit   'supports-preserve-symlinks-flag': [ '1.0.0' ],
36 silly audit   tabbable: [ '6.4.0' ],
36 silly audit   tailwindcss: [ '4.1.18' ],
36 silly audit   tapable: [ '2.3.0' ],
36 silly audit   'thread-stream': [ '3.2.0' ],
36 silly audit   tinyglobby: [ '0.2.15' ],
36 silly audit   'to-no-case': [ '1.0.2' ],
36 silly audit   'to-regex-range': [ '5.0.1' ],
36 silly audit   'to-snake-case': [ '1.0.0' ],
36 silly audit   'to-space-case': [ '1.0.0' ],
36 silly audit   'token-types': [ '6.1.2' ],
36 silly audit   'truncate-utf8-bytes': [ '1.0.2' ],
36 silly audit   'ts-api-utils': [ '2.5.0' ],
36 silly audit   'ts-essentials': [ '10.0.3' ],
36 silly audit   tslib: [ '2.8.1' ],
36 silly audit   tsx: [ '4.21.0' ],
36 silly audit   'type-check': [ '0.4.0' ],
36 silly audit   'typed-array-buffer': [ '1.0.3' ],
36 silly audit   'typed-array-byte-length': [ '1.0.3' ],
36 silly audit   'typed-array-byte-offset': [ '1.0.4' ],
36 silly audit   'typed-array-length': [ '1.0.8' ],
36 silly audit   typescript: [ '5.8.2' ],
36 silly audit   'uint8array-extras': [ '1.5.0' ],
36 silly audit   'unbox-primitive': [ '1.1.0' ],
36 silly audit   undici: [ '7.24.4' ],
36 silly audit   'undici-types': [ '6.19.8' ],
36 silly audit   'unist-util-is': [ '6.0.1' ],
36 silly audit   'unist-util-position-from-estree': [ '2.0.0' ],
36 silly audit   'unist-util-stringify-position': [ '4.0.0' ],
36 silly audit   'unist-util-visit': [ '5.1.0' ],
36 silly audit   'unist-util-visit-parents': [ '6.0.2' ],
36 silly audit   'unrs-resolver': [ '1.12.2' ],
36 silly audit   'update-browserslist-db': [ '1.2.3' ],
36 silly audit   'uri-js': [ '4.4.1' ],
36 silly audit   'use-context-selector': [ '2.0.0' ],
36 silly audit   'use-isomorphic-layout-effect': [ '1.2.1' ],
36 silly audit   'utf8-byte-length': [ '1.0.5' ],
36 silly audit   'util-deprecate': [ '1.0.2' ],
36 silly audit   'vfile-message': [ '4.0.3' ],
36 silly audit   'whatwg-mimetype': [ '3.0.0' ],
36 silly audit   'which-boxed-primitive': [ '1.1.1' ],
36 silly audit   'which-builtin-type': [ '1.2.1' ],
36 silly audit   'which-collection': [ '1.0.2' ],
36 silly audit   'which-typed-array': [ '1.1.22' ],
36 silly audit   'word-wrap': [ '1.2.5' ],
36 silly audit   wrappy: [ '1.0.2' ],
36 silly audit   ws: [ '8.21.0' ],
36 silly audit   'xml-naming': [ '0.1.0' ],
36 silly audit   xss: [ '1.0.15' ],
36 silly audit   commander: [ '2.20.3' ],
36 silly audit   xtend: [ '4.0.2' ],
36 silly audit   yaml: [ '1.10.3' ],
36 silly audit   'yocto-queue': [ '0.1.0' ],
36 silly audit   zwitch: [ '2.0.4' ],
36 silly audit   '@playwright/test': [ '1.51.1' ],
36 silly audit   playwright: [ '1.51.1' ],
36 silly audit   'playwright-core': [ '1.51.1' ]
36 silly audit }
37 http cache playwright-core@https://registry.npmjs.org/playwright-core/-/playwright-core-1.51.1.tgz 0ms (cache hit)
38 http cache playwright@https://registry.npmjs.org/playwright/-/playwright-1.51.1.tgz 0ms (cache hit)
39 http cache @playwright/test@https://registry.npmjs.org/@playwright/test/-/test-1.51.1.tgz 0ms (cache hit)
40 silly tarball no local data for playwright-core@https://registry.npmjs.org/playwright-core/-/playwright-core-1.51.1.tgz. Extracting by manifest.
41 silly tarball no local data for playwright@https://registry.npmjs.org/playwright/-/playwright-1.51.1.tgz. Extracting by manifest.
42 silly tarball no local data for @playwright/test@https://registry.npmjs.org/@playwright/test/-/test-1.51.1.tgz. Extracting by manifest.
43 http fetch POST 200 https://registry.npmjs.org/-/npm/v1/security/advisories/bulk 880ms
44 silly audit report {
44 silly audit report   esbuild: [
44 silly audit report     {
44 silly audit report       id: 1102341,
44 silly audit report       url: 'https://github.com/advisories/GHSA-67mh-4wv8-2f99',
44 silly audit report       title: 'esbuild enables any website to send any requests to the development server and read the response',
44 silly audit report       severity: 'moderate',
44 silly audit report       vulnerable_versions: '<=0.24.2',
44 silly audit report       cwe: [Array],
44 silly audit report       cvss: [Object]
44 silly audit report     },
44 silly audit report     {
44 silly audit report       id: 1120680,
44 silly audit report       url: 'https://github.com/advisories/GHSA-g7r4-m6w7-qqqr',
44 silly audit report       title: 'esbuild allows arbitrary file read when running the development server on Windows',
44 silly audit report       severity: 'low',
44 silly audit report       vulnerable_versions: '>=0.27.3 <0.28.1',
44 silly audit report       cwe: [Array],
44 silly audit report       cvss: [Object]
44 silly audit report     }
44 silly audit report   ],
44 silly audit report   'brace-expansion': [
44 silly audit report     {
44 silly audit report       id: 1120311,
44 silly audit report       url: 'https://github.com/advisories/GHSA-jxxr-4gwj-5jf2',
44 silly audit report       title: 'brace-expansion: Large numeric range defeats documented `max` DoS protection',
44 silly audit report       severity: 'moderate',
44 silly audit report       vulnerable_versions: '>=5.0.0 <5.0.6',
44 silly audit report       cwe: [Array],
44 silly audit report       cvss: [Object]
44 silly audit report     },
44 silly audit report     {
44 silly audit report       id: 1115543,
44 silly audit report       url: 'https://github.com/advisories/GHSA-f886-m6hf-6m8v',
44 silly audit report       title: 'brace-expansion: Zero-step sequence causes process hang and memory exhaustion',
44 silly audit report       severity: 'moderate',
44 silly audit report       vulnerable_versions: '>=4.0.0 <5.0.5',
44 silly audit report       cwe: [Array],
44 silly audit report       cvss: [Object]
44 silly audit report     }
44 silly audit report   ],
44 silly audit report   uuid: [
44 silly audit report     {
44 silly audit report       id: 1119441,
44 silly audit report       url: 'https://github.com/advisories/GHSA-w5hq-g745-h8pq',
44 silly audit report       title: 'uuid: Missing buffer bounds check in v3/v5/v6 when buf is provided',
44 silly audit report       severity: 'moderate',
44 silly audit report       vulnerable_versions: '<11.1.1',
44 silly audit report       cwe: [Array],
44 silly audit report       cvss: [Object]
44 silly audit report     }
44 silly audit report   ],
44 silly audit report   picomatch: [
44 silly audit report     {
44 silly audit report       id: 1115549,
44 silly audit report       url: 'https://github.com/advisories/GHSA-3v7f-55p6-f55p',
44 silly audit report       title: 'Picomatch: Method Injection in POSIX Character Classes causes incorrect Glob Matching',
44 silly audit report       severity: 'moderate',
44 silly audit report       vulnerable_versions: '<2.3.2',
44 silly audit report       cwe: [Array],
44 silly audit report       cvss: [Object]
44 silly audit report     },
44 silly audit report     {
44 silly audit report       id: 1115551,
44 silly audit report       url: 'https://github.com/advisories/GHSA-3v7f-55p6-f55p',
44 silly audit report       title: 'Picomatch: Method Injection in POSIX Character Classes causes incorrect Glob Matching',
44 silly audit report       severity: 'moderate',
44 silly audit report       vulnerable_versions: '>=4.0.0 <4.0.4',
44 silly audit report       cwe: [Array],
44 silly audit report       cvss: [Object]
44 silly audit report     },
44 silly audit report     {
44 silly audit report       id: 1115552,
44 silly audit report       url: 'https://github.com/advisories/GHSA-c2c7-rcm5-vvqj',
44 silly audit report       title: 'Picomatch has a ReDoS vulnerability via extglob quantifiers',
44 silly audit report       severity: 'high',
44 silly audit report       vulnerable_versions: '<2.3.2',
44 silly audit report       cwe: [Array],
44 silly audit report       cvss: [Object]
44 silly audit report     },
44 silly audit report     {
44 silly audit report       id: 1115554,
44 silly audit report       url: 'https://github.com/advisories/GHSA-c2c7-rcm5-vvqj',
44 silly audit report       title: 'Picomatch has a ReDoS vulnerability via extglob quantifiers',
44 silly audit report       severity: 'high',
44 silly audit report       vulnerable_versions: '>=4.0.0 <4.0.4',
44 silly audit report       cwe: [Array],
44 silly audit report       cvss: [Object]
44 silly audit report     }
44 silly audit report   ],
44 silly audit report   'drizzle-orm': [
44 silly audit report     {
44 silly audit report       id: 1116251,
44 silly audit report       url: 'https://github.com/advisories/GHSA-gpj5-g38j-94v9',
44 silly audit report       title: 'Drizzle ORM has SQL injection via improperly escaped SQL identifiers',
44 silly audit report       severity: 'high',
44 silly audit report       vulnerable_versions: '<0.45.2',
44 silly audit report       cwe: [Array],
44 silly audit report       cvss: [Object]
44 silly audit report     }
44 silly audit report   ],
44 silly audit report   'fast-uri': [
44 silly audit report     {
44 silly audit report       id: 1117884,
44 silly audit report       url: 'https://github.com/advisories/GHSA-v39h-62p7-jpjc',
44 silly audit report       title: 'fast-uri vulnerable to host confusion via percent-encoded authority delimiters',
44 silly audit report       severity: 'high',
44 silly audit report       vulnerable_versions: '<=3.1.1',
44 silly audit report       cwe: [Array],
44 silly audit report       cvss: [Object]
44 silly audit report     },
44 silly audit report     {
44 silly audit report       id: 1117870,
44 silly audit report       url: 'https://github.com/advisories/GHSA-q3j6-qgpj-74h6',
44 silly audit report       title: 'fast-uri vulnerable to path traversal via percent-encoded dot segments',
44 silly audit report       severity: 'high',
44 silly audit report       vulnerable_versions: '<=3.1.0',
44 silly audit report       cwe: [Array],
44 silly audit report       cvss: [Object]
44 silly audit report     }
44 silly audit report   ],
44 silly audit report   'js-yaml': [
44 silly audit report     {
44 silly audit report       id: 1121860,
44 silly audit report       url: 'https://github.com/advisories/GHSA-h67p-54hq-rp68',
44 silly audit report       title: 'JS-YAML: Quadratic-complexity DoS in merge key handling via repeated aliases',
44 silly audit report       severity: 'moderate',
44 silly audit report       vulnerable_versions: '>=4.0.0 <=4.1.1',
44 silly audit report       cwe: [Array],
44 silly audit report       cvss: [Object]
44 silly audit report     }
44 silly audit report   ],
44 silly audit report   next: [
44 silly audit report     {
44 silly audit report       id: 1117931,
44 silly audit report       url: 'https://github.com/advisories/GHSA-8h8q-6873-q5fj',
44 silly audit report       title: 'Next.js Vulnerable to Denial of Service with Server Components',
44 silly audit report       severity: 'high',
44 silly audit report       vulnerable_versions: '>=13.0.0 <15.5.16',
44 silly audit report       cwe: [Array],
44 silly audit report       cvss: [Object]
44 silly audit report     },
44 silly audit report     {
44 silly audit report       id: 1118939,
44 silly audit report       url: 'https://github.com/advisories/GHSA-26hh-7cqf-hhc6',
44 silly audit report       title: 'Next.js has a Middleware / Proxy bypass in App Router applications via segment-prefetch routes - Incomplete Fix Follow-Up',
44 silly audit report       severity: 'high',
44 silly audit report       vulnerable_versions: '>=15.2.0 <15.5.18',
44 silly audit report       cwe: [Array],
44 silly audit report       cvss: [Object]
44 silly audit report     },
44 silly audit report     {
44 silly audit report       id: 1118942,
44 silly audit report       url: 'https://github.com/advisories/GHSA-3g8h-86w9-wvmq',
44 silly audit report       title: "Next.js's Middleware / Proxy redirects can be cache-poisoned",
44 silly audit report       severity: 'low',
44 silly audit report       vulnerable_versions: '>=12.2.0 <15.5.16',
44 silly audit report       cwe: [Array],
44 silly audit report       cvss: [Object]
44 silly audit report     },
44 silly audit report     {
44 silly audit report       id: 1118944,
44 silly audit report       url: 'https://github.com/advisories/GHSA-ffhc-5mcf-pf4q',
44 silly audit report       title: 'Next.js vulnerable to cross-site scripting in App Router applications using CSP nonces',
44 silly audit report       severity: 'moderate',
44 silly audit report       vulnerable_versions: '>=13.4.0 <15.5.16',
44 silly audit report       cwe: [Array],
44 silly audit report       cvss: [Object]
44 silly audit report     },
44 silly audit report     {
44 silly audit report       id: 1118946,
44 silly audit report       url: 'https://github.com/advisories/GHSA-vfv6-92ff-j949',
44 silly audit report       title: 'Next.js vulnerable to cache poisoning via collisions in React Server Component cache-busting',
44 silly audit report       severity: 'low',
44 silly audit report       vulnerable_versions: '>=13.4.6 <15.5.16',
44 silly audit report       cwe: [Array],
44 silly audit report       cvss: [Object]
44 silly audit report     },
44 silly audit report     {
44 silly audit report       id: 1118948,
44 silly audit report       url: 'https://github.com/advisories/GHSA-gx5p-jg67-6x7h',
44 silly audit report       title: 'Next.js has cross-site scripting in beforeInteractive scripts with untrusted input',
44 silly audit report       severity: 'moderate',
44 silly audit report       vulnerable_versions: '>=13.0.0 <15.5.16',
44 silly audit report       cwe: [Array],
44 silly audit report       cvss: [Object]
44 silly audit report     },
44 silly audit report     {
44 silly audit report       id: 1118950,
44 silly audit report       url: 'https://github.com/advisories/GHSA-mg66-mrh9-m8jx',
44 silly audit report       title: 'Next.js vulnerable to Denial of Service via connection exhaustion in applications using Cache Components',
44 silly audit report       severity: 'high',
44 silly audit report       vulnerable_versions: '>=15.0.0 <15.5.16',
44 silly audit report       cwe: [Array],
44 silly audit report       cvss: [Object]
44 silly audit report     },
44 silly audit report     {
44 silly audit report       id: 1118952,
44 silly audit report       url: 'https://github.com/advisories/GHSA-h64f-5h5j-jqjh',
44 silly audit report       title: 'Next.js has a Denial of Service in the Image Optimization API',
44 silly audit report       severity: 'moderate',
44 silly audit report       vulnerable_versions: '>=10.0.0 <15.5.16',
44 silly audit report       cwe: [Array],
44 silly audit report       cvss: [Object]
44 silly audit report     },
44 silly audit report     {
44 silly audit report       id: 1118954,
44 silly audit report       url: 'https://github.com/advisories/GHSA-c4j6-fc7j-m34r',
44 silly audit report       title: 'Next.js vulnerable to server-side request forgery in applications using WebSocket upgrades',
44 silly audit report       severity: 'high',
44 silly audit report       vulnerable_versions: '>=13.4.13 <15.5.16',
44 silly audit report       cwe: [Array],
44 silly audit report       cvss: [Object]
44 silly audit report     },
44 silly audit report     {
44 silly audit report       id: 1118956,
44 silly audit report       url: 'https://github.com/advisories/GHSA-492v-c6pp-mqqv',
44 silly audit report       title: 'Next.js has a Middleware / Proxy bypass through dynamic route parameter injection',
44 silly audit report       severity: 'high',
44 silly audit report       vulnerable_versions: '>=15.4.0 <15.5.16',
44 silly audit report       cwe: [Array],
44 silly audit report       cvss: [Object]
44 silly audit report     },
44 silly audit report     {
44 silly audit report       id: 1118958,
44 silly audit report       url: 'https://github.com/advisories/GHSA-wfc6-r584-vfw7',
44 silly audit report       title: 'Next.js vulnerable to cache poisoning in React Server Component responses',
44 silly audit report       severity: 'moderate',
44 silly audit report       vulnerable_versions: '>=14.2.0 <15.5.16',
44 silly audit report       cwe: [Array],
44 silly audit report       cvss: [Object]
44 silly audit report     },
44 silly audit report     {
44 silly audit report       id: 1118960,
44 silly audit report       url: 'https://github.com/advisories/GHSA-267c-6grr-h53f',
44 silly audit report       title: 'Next.js has a Middleware / Proxy bypass in App Router applications via segment-prefetch routes',
44 silly audit report       severity: 'high',
44 silly audit report       vulnerable_versions: '>=15.2.0 <15.5.16',
44 silly audit report       cwe: [Array],
44 silly audit report       cvss: [Object]
44 silly audit report     },
44 silly audit report     {
44 silly audit report       id: 1118962,
44 silly audit report       url: 'https://github.com/advisories/GHSA-36qx-fr4f-26g5',
44 silly audit report       title: 'Next.js has a Middleware / Proxy bypass in Pages Router applications using i18n',
44 silly audit report       severity: 'high',
44 silly audit report       vulnerable_versions: '>=12.2.0 <15.5.16',
44 silly audit report       cwe: [Array],
44 silly audit report       cvss: [Object]
44 silly audit report     },
44 silly audit report     {
44 silly audit report       id: 1112593,
44 silly audit report       url: 'https://github.com/advisories/GHSA-9g9p-9gw9-jx7f',
44 silly audit report       title: 'Next.js self-hosted applications vulnerable to DoS via Image Optimizer remotePatterns configuration',
44 silly audit report       severity: 'moderate',
44 silly audit report       vulnerable_versions: '>=10.0.0 <15.5.10',
44 silly audit report       cwe: [Array],
44 silly audit report       cvss: [Object]
44 silly audit report     },
44 silly audit report     {
44 silly audit report       id: 1114897,
44 silly audit report       url: 'https://github.com/advisories/GHSA-ggv3-7p47-pfv8',
44 silly audit report       title: 'Next.js: HTTP request smuggling in rewrites',
44 silly audit report       severity: 'moderate',
44 silly audit report       vulnerable_versions: '>=9.5.0 <15.5.13',
44 silly audit report       cwe: [Array],
44 silly audit report       cvss: [Object]
44 silly audit report     },
44 silly audit report     {
44 silly audit report       id: 1114940,
44 silly audit report       url: 'https://github.com/advisories/GHSA-3x4c-7xq6-9pq8',
44 silly audit report       title: 'Next.js: Unbounded next/image disk cache growth can exhaust storage',
44 silly audit report       severity: 'moderate',
44 silly audit report       vulnerable_versions: '>=10.0.0 <15.5.14',
44 silly audit report       cwe: [Array],
44 silly audit report       cvss: [Object]
44 silly audit report     },
44 silly audit report     {
44 silly audit report       id: 1116376,
44 silly audit report       url: 'https://github.com/advisories/GHSA-q4gf-8mx6-v5v3',
44 silly audit report       title: 'Next.js has a Denial of Service with Server Components',
44 silly audit report       severity: 'high',
44 silly audit report       vulnerable_versions: '>=13.0.0 <15.5.15',
44 silly audit report       cwe: [Array],
44 silly audit report       cvss: [Object]
44 silly audit report     }
44 silly audit report   ],
44 silly audit report   postcss: [
44 silly audit report     {
44 silly audit report       id: 1117015,
44 silly audit report       url: 'https://github.com/advisories/GHSA-qx2v-qp2m-jg93',
44 silly audit report       title: 'PostCSS has XSS via Unescaped </style> in its CSS Stringify Output',
44 silly audit report       severity: 'moderate',
44 silly audit report       vulnerable_versions: '<8.5.10',
44 silly audit report       cwe: [Array],
44 silly audit report       cvss: [Object]
44 silly audit report     }
44 silly audit report   ],
44 silly audit report   undici: [
44 silly audit report     {
44 silly audit report       id: 1121187,
44 silly audit report       url: 'https://github.com/advisories/GHSA-vmh5-mc38-953g',
44 silly audit report       title: 'undici vulnerable to TLS certificate validation bypass via dropped requestTls in SOCKS5 ProxyAgent',
44 silly audit report       severity: 'high',
44 silly audit report       vulnerable_versions: '>=7.23.0 <7.28.0',
44 silly audit report       cwe: [Array],
44 silly audit report       cvss: [Object]
44 silly audit report     },
44 silly audit report     {
44 silly audit report       id: 1121241,
44 silly audit report       url: 'https://github.com/advisories/GHSA-p88m-4jfj-68fv',
44 silly audit report       title: 'undici vulnerable to HTTP header injection via Set-Cookie percent-decoding',
44 silly audit report       severity: 'moderate',
44 silly audit report       vulnerable_versions: '>=7.0.0 <7.28.0',
44 silly audit report       cwe: [Array],
44 silly audit report       cvss: [Object]
44 silly audit report     },
44 silly audit report     {
44 silly audit report       id: 1121244,
44 silly audit report       url: 'https://github.com/advisories/GHSA-vxpw-j846-p89q',
44 silly audit report       title: 'undici WebSocket client vulnerable to denial of service via fragment count bypass',
44 silly audit report       severity: 'high',
44 silly audit report       vulnerable_versions: '>=7.0.0 <7.28.0',
44 silly audit report       cwe: [Array],
44 silly audit report       cvss: [Object]
44 silly audit report     },
44 silly audit report     {
44 silly audit report       id: 1121247,
44 silly audit report       url: 'https://github.com/advisories/GHSA-hm92-r4w5-c3mj',
44 silly audit report       title: 'undici vulnerable to cross-origin request routing via SOCKS5 proxy pool reuse',
44 silly audit report       severity: 'high',
44 silly audit report       vulnerable_versions: '>=7.23.0 <7.28.0',
44 silly audit report       cwe: [Array],
44 silly audit report       cvss: [Object]
44 silly audit report     },
44 silly audit report     {
44 silly audit report       id: 1121249,
44 silly audit report       url: 'https://github.com/advisories/GHSA-35p6-xmwp-9g52',
44 silly audit report       title: 'undici vulnerable to HTTP response queue poisoning via keep-alive socket reuse',
44 silly audit report       severity: 'low',
44 silly audit report       vulnerable_versions: '>=7.0.0 <7.28.0',
44 silly audit report       cwe: [Array],
44 silly audit report       cvss: [Object]
44 silly audit report     },
44 silly audit report     {
44 silly audit report       id: 1121254,
44 silly audit report       url: 'https://github.com/advisories/GHSA-g8m3-5g58-fq7m',
44 silly audit report       title: 'undici vulnerable to Set-Cookie SameSite attribute downgrade via permissive substring matching',
44 silly audit report       severity: 'low',
44 silly audit report       vulnerable_versions: '>=7.0.0 <7.28.0',
44 silly audit report       cwe: [Array],
44 silly audit report       cvss: [Object]
44 silly audit report     },
44 silly audit report     {
44 silly audit report       id: 1121428,
44 silly audit report       url: 'https://github.com/advisories/GHSA-pr7r-676h-xcf6',
44 silly audit report       title: 'undici vulnerable to cross-user information disclosure via shared cache whitespace bypass',
44 silly audit report       severity: 'moderate',
44 silly audit report       vulnerable_versions: '>=7.0.0 <7.28.0',
44 silly audit report       cwe: [Array],
44 silly audit report       cvss: [Object]
44 silly audit report     }
44 silly audit report   ],
44 silly audit report   playwright: [
44 silly audit report     {
44 silly audit report       id: 1109208,
44 silly audit report       url: 'https://github.com/advisories/GHSA-7mvr-c777-76hp',
44 silly audit report       title: 'Playwright downloads and installs browsers without verifying the authenticity of the SSL certificate',
44 silly audit report       severity: 'high',
44 silly audit report       vulnerable_versions: '<1.55.1',
44 silly audit report       cwe: [Array],
44 silly audit report       cvss: [Object]
44 silly audit report     }
44 silly audit report   ]
44 silly audit report }
45 silly packumentCache corgi:https://registry.npmjs.org/esbuild cache-miss
46 silly packumentCache corgi:https://registry.npmjs.org/brace-expansion cache-miss
47 silly packumentCache corgi:https://registry.npmjs.org/uuid cache-miss
48 silly packumentCache corgi:https://registry.npmjs.org/picomatch cache-miss
49 silly packumentCache corgi:https://registry.npmjs.org/drizzle-orm cache-miss
50 silly packumentCache corgi:https://registry.npmjs.org/fast-uri cache-miss
51 silly packumentCache corgi:https://registry.npmjs.org/js-yaml cache-miss
52 silly packumentCache corgi:https://registry.npmjs.org/next cache-miss
53 silly packumentCache corgi:https://registry.npmjs.org/postcss cache-miss
54 silly packumentCache corgi:https://registry.npmjs.org/undici cache-miss
55 silly packumentCache corgi:https://registry.npmjs.org/playwright cache-miss
56 http fetch GET 200 https://registry.npmjs.org/picomatch 1126ms (cache miss)
57 silly packumentCache corgi:https://registry.npmjs.org/picomatch set size:undefined disposed:false
58 http fetch GET 200 https://registry.npmjs.org/@playwright/test/-/test-1.51.1.tgz 2182ms (cache miss)
59 http fetch GET 200 https://registry.npmjs.org/brace-expansion 1903ms (cache miss)
60 silly packumentCache corgi:https://registry.npmjs.org/brace-expansion set size:undefined disposed:false
61 http fetch GET 200 https://registry.npmjs.org/fast-uri 1910ms (cache miss)
62 silly packumentCache corgi:https://registry.npmjs.org/fast-uri set size:undefined disposed:false
63 http fetch GET 200 https://registry.npmjs.org/esbuild 2060ms (cache miss)
64 silly packumentCache corgi:https://registry.npmjs.org/esbuild set size:undefined disposed:false
65 http fetch GET 200 https://registry.npmjs.org/uuid 2670ms (cache miss)
66 silly packumentCache corgi:https://registry.npmjs.org/uuid set size:undefined disposed:false
67 http fetch GET 200 https://registry.npmjs.org/undici 2716ms (cache miss)
68 silly packumentCache corgi:https://registry.npmjs.org/undici set size:undefined disposed:false
69 http fetch GET 200 https://registry.npmjs.org/js-yaml 2796ms (cache miss)
70 silly packumentCache corgi:https://registry.npmjs.org/js-yaml set size:undefined disposed:false
71 http fetch GET 200 https://registry.npmjs.org/playwright-core/-/playwright-core-1.51.1.tgz 3774ms (cache miss)
72 http fetch GET 200 https://registry.npmjs.org/drizzle-orm 3042ms (cache miss)
73 silly packumentCache corgi:https://registry.npmjs.org/drizzle-orm set size:undefined disposed:false
74 http fetch GET 200 https://registry.npmjs.org/next 5953ms (cache miss)
75 silly packumentCache corgi:https://registry.npmjs.org/next set size:undefined disposed:false
76 http fetch GET 200 https://registry.npmjs.org/postcss 8222ms (cache miss)
77 silly packumentCache corgi:https://registry.npmjs.org/postcss set size:undefined disposed:false
78 http fetch GET 200 https://registry.npmjs.org/playwright/-/playwright-1.51.1.tgz 9138ms (cache miss)
79 http fetch GET 200 https://registry.npmjs.org/playwright 20524ms (cache miss)
80 silly packumentCache corgi:https://registry.npmjs.org/playwright set size:undefined disposed:false
81 silly packumentCache corgi:https://registry.npmjs.org/@esbuild-kit%2fcore-utils cache-miss
82 http fetch GET 200 https://registry.npmjs.org/@esbuild-kit%2fcore-utils 215ms (cache miss)
83 silly packumentCache corgi:https://registry.npmjs.org/@esbuild-kit%2fcore-utils set size:undefined disposed:false
84 silly packumentCache corgi:https://registry.npmjs.org/tsx cache-miss
85 http fetch GET 200 https://registry.npmjs.org/tsx 229ms (cache miss)
86 silly packumentCache corgi:https://registry.npmjs.org/tsx set size:undefined disposed:false
87 silly packumentCache corgi:https://registry.npmjs.org/minimatch cache-miss
88 http fetch GET 200 https://registry.npmjs.org/minimatch 386ms (cache miss)
89 silly packumentCache corgi:https://registry.npmjs.org/minimatch set size:undefined disposed:false
90 silly packumentCache corgi:https://registry.npmjs.org/@payloadcms%2fdrizzle cache-miss
91 silly packumentCache corgi:https://registry.npmjs.org/@payloadcms%2fdb-postgres cache-miss
92 silly packumentCache corgi:https://registry.npmjs.org/@payloadcms%2fnext cache-miss
93 silly packumentCache corgi:https://registry.npmjs.org/@payloadcms%2frichtext-lexical cache-miss
94 silly packumentCache corgi:https://registry.npmjs.org/@payloadcms%2fui cache-miss
95 silly packumentCache corgi:https://registry.npmjs.org/payload cache-miss
96 http fetch GET 200 https://registry.npmjs.org/@payloadcms%2fui 1128ms (cache miss)
97 silly packumentCache corgi:https://registry.npmjs.org/@payloadcms%2fui set size:undefined disposed:false
98 http fetch GET 200 https://registry.npmjs.org/payload 1236ms (cache miss)
99 silly packumentCache corgi:https://registry.npmjs.org/payload set size:undefined disposed:false
100 http fetch GET 200 https://registry.npmjs.org/@payloadcms%2fdb-postgres 1809ms (cache miss)
101 silly packumentCache corgi:https://registry.npmjs.org/@payloadcms%2fdb-postgres set size:undefined disposed:false
102 http fetch GET 200 https://registry.npmjs.org/@payloadcms%2frichtext-lexical 1896ms (cache miss)
103 silly packumentCache corgi:https://registry.npmjs.org/@payloadcms%2frichtext-lexical set size:undefined disposed:false
104 http fetch GET 200 https://registry.npmjs.org/@payloadcms%2fdrizzle 2010ms (cache miss)
105 silly packumentCache corgi:https://registry.npmjs.org/@payloadcms%2fdrizzle set size:undefined disposed:false
106 http fetch GET 200 https://registry.npmjs.org/@payloadcms%2fnext 2164ms (cache miss)
107 silly packumentCache corgi:https://registry.npmjs.org/@payloadcms%2fnext set size:undefined disposed:false
108 silly packumentCache corgi:https://registry.npmjs.org/micromatch cache-miss
109 http fetch GET 200 https://registry.npmjs.org/micromatch 242ms (cache miss)
110 silly packumentCache corgi:https://registry.npmjs.org/micromatch set size:undefined disposed:false
111 silly packumentCache corgi:https://registry.npmjs.org/tinyglobby cache-miss
112 http fetch GET 200 https://registry.npmjs.org/tinyglobby 171ms (cache miss)
113 silly packumentCache corgi:https://registry.npmjs.org/tinyglobby set size:undefined disposed:false
114 silly packumentCache corgi:https://registry.npmjs.org/ajv cache-miss
115 http fetch GET 200 https://registry.npmjs.org/ajv 1000ms (cache miss)
116 silly packumentCache corgi:https://registry.npmjs.org/ajv set size:undefined disposed:false
117 silly packumentCache corgi:https://registry.npmjs.org/@apidevtools%2fjson-schema-ref-parser cache-miss
118 silly packumentCache corgi:https://registry.npmjs.org/@eslint%2feslintrc cache-miss
119 silly packumentCache corgi:https://registry.npmjs.org/json-schema-to-typescript cache-miss
120 http fetch GET 200 https://registry.npmjs.org/@eslint%2feslintrc 400ms (cache miss)
121 silly packumentCache corgi:https://registry.npmjs.org/@eslint%2feslintrc set size:undefined disposed:false
122 http fetch GET 200 https://registry.npmjs.org/json-schema-to-typescript 404ms (cache miss)
123 silly packumentCache corgi:https://registry.npmjs.org/json-schema-to-typescript set size:undefined disposed:false
124 http fetch GET 200 https://registry.npmjs.org/@apidevtools%2fjson-schema-ref-parser 548ms (cache miss)
125 silly packumentCache corgi:https://registry.npmjs.org/@apidevtools%2fjson-schema-ref-parser set size:undefined disposed:false
126 silly packumentCache corgi:https://registry.npmjs.org/@tailwindcss%2fpostcss cache-miss
127 http fetch GET 200 https://registry.npmjs.org/@tailwindcss%2fpostcss 717ms (cache miss)
128 silly packumentCache corgi:https://registry.npmjs.org/@tailwindcss%2fpostcss set size:undefined disposed:false
129 silly packumentCache corgi:https://registry.npmjs.org/@playwright%2ftest cache-miss
130 http fetch GET 200 https://registry.npmjs.org/@playwright%2ftest 1626ms (cache miss)
131 silly packumentCache corgi:https://registry.npmjs.org/@playwright%2ftest set size:undefined disposed:false
132 silly packumentCache corgi:https://registry.npmjs.org/@esbuild-kit%2fesm-loader cache-miss
133 http fetch GET 200 https://registry.npmjs.org/@esbuild-kit%2fesm-loader 283ms (cache miss)
134 silly packumentCache corgi:https://registry.npmjs.org/@esbuild-kit%2fesm-loader set size:undefined disposed:false
135 silly packumentCache corgi:https://registry.npmjs.org/@payloadcms%2fplugin-cloud-storage cache-miss
136 http fetch GET 200 https://registry.npmjs.org/@payloadcms%2fplugin-cloud-storage 3861ms (cache miss)
137 silly packumentCache corgi:https://registry.npmjs.org/@payloadcms%2fplugin-cloud-storage set size:undefined disposed:false
138 silly packumentCache corgi:https://registry.npmjs.org/drizzle-kit cache-miss
139 http fetch GET 200 https://registry.npmjs.org/drizzle-kit 1291ms (cache miss)
140 silly packumentCache corgi:https://registry.npmjs.org/drizzle-kit set size:undefined disposed:false
141 silly packumentCache corgi:https://registry.npmjs.org/@payloadcms%2fstorage-s3 cache-miss
142 http fetch GET 200 https://registry.npmjs.org/@payloadcms%2fstorage-s3 2160ms (cache miss)
143 silly packumentCache corgi:https://registry.npmjs.org/@payloadcms%2fstorage-s3 set size:undefined disposed:false
144 silly ADD node_modules/playwright-core
145 silly ADD node_modules/playwright
146 silly ADD node_modules/@playwright/test
147 verbose cwd C:\Users\HP\Documents\Cursor projects\Commersial\Bizon
148 verbose os Windows_NT 10.0.19045
149 verbose node v24.14.0
150 verbose npm  v11.9.0
151 notice
151 notice New minor version of npm available! 11.9.0 -> 11.18.0
151 notice Changelog: https://github.com/npm/cli/releases/tag/v11.18.0
151 notice To update run: npm install -g npm@11.18.0
151 notice  { force: true, Symbol(proc-log.meta): true }
152 verbose exit 0
153 info ok
